
> gckconfessions@0.1.0 build
> next build

Γû▓ Next.js 16.1.6 (Turbopack)
- Environments: .env
- Experiments (use with caution):
  ┬╖ optimizePackageImports

node.exe : ΓÜá The "middleware" file convention is deprecated. Please use 
"proxy" instead. Learn more: 
https://nextjs.org/docs/messages/middleware-to-proxy
At C:\nvm4w\nodejs\npm.ps1:16 char:5
+     & "$basedir/node$exe"  "$basedir/node_modules/npm/bin/npm-cli.js" ...
+     ~~~~~~~~~~~~~~~~~~~~~~~~~~~~~~~~~~~~~~~~~~~~~~~~~~~~~~~~~~~~~~~~~
    + CategoryInfo          : NotSpecified: (ΓÜá The "middle...leware-to-proxy 
   :String) [], RemoteException
    + FullyQualifiedErrorId : NativeCommandError
 
  Creating an optimized production build ...
Γ£ô Compiled successfully in 28.8s
  Running TypeScript ...
  Collecting page data using 3 workers ...
  Generating static pages using 3 workers (0/16) ...
  Generating static pages using 3 workers (4/16) 
  Generating static pages using 3 workers (8/16) 
  Generating static pages using 3 workers (12/16) 
Γ£ô Generating static pages using 3 workers (16/16) in 3.0s
  Finalizing page optimization ...

Route (app)
Γöî Γùï /
Γö£ Γùï /_not-found
Γö£ ╞Æ /.well-known/health
Γö£ ╞Æ /admin
Γö£ Γùï /adminlogin
Γö£ ╞Æ /api/admin/admins
Γö£ ╞Æ /api/admin/admins/[id]
Γö£ ╞Æ /api/admin/check
Γö£ ╞Æ /api/admin/login
Γö£ ╞Æ /api/admin/logout
Γö£ ╞Æ /api/admin/setup
Γö£ ╞Æ /api/confessions
Γö£ ╞Æ /api/confessions/[id]
Γö£ ╞Æ /api/health
Γö£ Γùï /guidelines
Γöö Γùï /submit


╞Æ Proxy (Middleware)

Γùï  (Static)   prerendered as static content
╞Æ  (Dynamic)  server-rendered on demand

